[前置] 本周 id=2026-09-17 周期=2026-09-17~2026-09-23
[1/6] 按源同步证据册派生图（img 1280 / thumb 320）...
源目录 : D:/Workbuddy/xxr数据处理/photos_2026-09-17
证据册 : D:/Workbuddy/xxr数据处理/巡查表/照片证据册
应存派生图 : 3492 个  (img 1746 / thumb 1746)
本次处理   : 3492 个
源图缺失 : 0   派生图缺失 : 3492
孤儿文件 : 0 个（不被 _items_map 引用，但仍可按公网 URL 访问）
------------------------------------------------------------
开始按源重建 3492 个派生图 ...
  ... 100/3492
  ... 200/3492
  ... 300/3492
  ... 400/3492
  ... 500/3492
  ... 600/3492
  ... 700/3492
  ... 800/3492
  ... 900/3492
  ... 1000/3492
  ... 1100/3492
  ... 1200/3492
  ... 1300/3492
  ... 1400/3492
  ... 1500/3492
  ... 1600/3492
  ... 1700/3492
  ... 1800/3492
  ... 1900/3492
  ... 2000/3492
  ... 2100/3492
  ... 2200/3492
  ... 2300/3492
  ... 2400/3492
  ... 2500/3492
  ... 2600/3492
  ... 2700/3492
  ... 2800/3492
  ... 2900/3492
  ... 3000/3492
  ... 3100/3492
  ... 3200/3492
  ... 3300/3492
  ... 3400/3492
重建完成: ok=3492 fail=0
------------------------------------------------------------
收尾：剩余孤儿 0 个；过小(<1.5KB)派生图 0 个
------------------------------------------------------------
证据册红线校验：现场整体图跨场所唯一性 ...
  参与校验 760 张 | 唯一 md5 749 | 跨场所重复组 11（同URL串图 0 / 平台侧同图 11）
   ~~ 平台侧同图(不同URL，不阻断) d28f98c513 ['南山区华山村_华山村', '深圳市南山区香山东街13号_燕晗山居']
   ~~ 平台侧同图(不同URL，不阻断) f65c17f57d ['南山区华山村_华山村', '深圳市南山区香山东街13号_燕晗山居']
   ~~ 平台侧同图(不同URL，不阻断) 362d271d6c ['深圳市福田区梅华路181号_合正园', '深圳市福田区梅华路103号_南鹏大厦']
   ~~ 平台侧同图(不同URL，不阻断) 91bc5e5e81 ['梅坳二路2号_城管基地二号大院', '广东省深圳市南山区沙河街道大沙河生态长廊儿童乐园_大沙河生态长廊铜鼓路段']
   ~~ 平台侧同图(不同URL，不阻断) 41eae88368 ['梅坳二路2号_城管基地二号大院', '广东省深圳市南山区沙河街道大沙河生态长廊儿童乐园_大沙河生态长廊铜鼓路段']
   ~~ 平台侧同图(不同URL，不阻断) d9a151c04a ['梅坳二路2号_城管基地二号大院', '广东省深圳市南山区沙河街道大沙河生态长廊儿童乐园_大沙河生态长廊铜鼓路段']
   ~~ 平台侧同图(不同URL，不阻断) a56474dfe6 ['深圳市南山区金铜路北侧_英伦名苑一期', '深圳市南山区粤海街道水厂路563号大涌水厂_大涌水厂宿舍楼']
   ~~ 平台侧同图(不同URL，不阻断) f9b065ae65 ['深圳市南山区金铜路北侧_英伦名苑一期', '深圳市南山区粤海街道水厂路563号大涌水厂_大涌水厂宿舍楼']
   ~~ 平台侧同图(不同URL，不阻断) 10854455c6 ['深圳市南山区金铜路北侧_英伦名苑一期', '深圳市南山区粤海街道水厂路563号大涌水厂_大涌水厂宿舍楼']
   ~~ 平台侧同图(不同URL，不阻断) 89d20eccc5 ['深圳市南山区金铜路北侧_英伦名苑一期', '深圳市南山区粤海街道水厂路563号大涌水厂_大涌水厂宿舍楼']
  过小(<1.5KB)派生图 0
  VERDICT: PASS
      清理孤儿文件...
